
> dousell-immo@0.1.0 build
> next build

Ôû▓ Next.js 16.1.1 (Turbopack)
- Environments: .env.local
- Experiments (use with caution):
  ┬À serverActions

node.exe : ÔÜá The 
"middleware" file 
convention is 
deprecated. Please 
use "proxy" instead. 
Learn more: https://n
extjs.org/docs/messag
es/middleware-to-prox
y
Au caractère Ligne:1 
: 1
+ & "C:\Program Files
\nodejs/node.exe" 
"C:\Program 
Files\nodejs/node_mo 
...
+ ~~~~~~~~~~~~~~~~~~~
~~~~~~~~~~~~~~~~~~~~~
~~~~~~~~~~~~~~~~~~~~~
~~~~~~~~
    + CategoryInfo   
           : NotSpe  
  cified: (ÔÜá The   
  "middle...lewar    
e-to-proxy:Strin    
g) [], RemoteExc    
eption
    + FullyQualified 
   ErrorId : Native  
  CommandError
 
  Creating an optimized production build ...
Ô£ô Compiled successfully in 30.0s
  Running TypeScript ...
Failed to compile.

./components/search/s
earch-experience.tsx:
159:13
Type error: Type '{ 
title: string; 
description: string; 
actionLabel: string 
| undefined; 
onAction: (() => 
void) | undefined; 
variant: string; }' 
is not assignable to 
type 
'IntrinsicAttributes 
& EmptyStateProps'.
  Property 'variant' 
does not exist on 
type 
'IntrinsicAttributes 
& EmptyStateProps'.

[0m [90m 157 
|[39m               
  [33m:[39m 
undefined
 [90m 158 |[39m    
         }
[31m[1m>[22m[39m
[90m 159 |[39m      
       variant[33m=
[39m[32m"default"[3
9m
 [90m     |[39m    
         
[31m[1m^[22m[39m
 [90m 160 |[39m    
       [33m/[39m[3
3m>[39m
 [90m 161 |[39m    
     ) [33m:[39m (
 [90m 162 |[39m    
       [33m<[39m[3
3mdiv[39m className
[33m=[39m[32m"grid 
grid-cols-1 gap-6 
sm:grid-cols-2 
lg:grid-cols-3 
xl:grid-cols-4 [&>*]:
w-full"[39m[33m>[3
9m[0m
Next.js build worker 
exited with code: 1 
and signal: null
