[dotenv@17.3.1] injecting env (67) from .env.local -- tip: ­ƒöÉ prevent committing .env to code: https://dotenvx.com/precommit
URL: https://blyanhulvwpdfpezlaji.supabase.co
