components/gestion/SubscriptionManager.tsx(161,37): error TS2339: Property 'serverError' does not exist on type 'ActionState<{ success: boolean; }>'.
